node.exe : [31mFailed to compile.
위치 줄:1 문자:1
+ & "C:\Program Files\nodejs/node.exe" "
C:\Program Files\nodejs/node_mo ...
+ ~~~~~~~~~~~~~~~~~~~~~~~~~~~~~~~~~~~~~~
~~~~~~~~~~~~~~~~~~~~~~~~~~~~~~~
    + CategoryInfo          : NotSpecif 
   ied: ([31mFailed to compile.:Strin  
  g) [], RemoteException
    + FullyQualifiedErrorId : NativeCom 
   mandError
 
[39m
[36m./src/components/features/AnalysisR
esult.tsx[39m:[33m76[39m:[33m30[39m
[31m[1mType error[22m[39m: Type '{ h
idden: { opacity: number; y: number; }; 
visible: (i: number) => { opacity: numbe
r; y: number; transition: { delay: numbe
r; duration: number; ease: string; }; };
 }' is not assignable to type 'Variants'
.
  Property 'visible' is incompatible wit
h index signature.
    Type '(i: number) => { opacity: numb
er; y: number; transition: { delay: numb
er; duration: number; ease: string; }; }
' is not assignable to type 'Variant'.
      Type '(i: number) => { opacity: nu
mber; y: number; transition: { delay: nu
mber; duration: number; ease: string; };
 }' is not assignable to type 'TargetRes
olver'.
        Type '{ opacity: number; y: numb
er; transition: { delay: number; duratio
n: number; ease: string; }; }' is not as
signable to type 'string | TargetAndTran
sition'.
          Type '{ opacity: number; y: nu
mber; transition: { delay: number; durat
ion: number; ease: string; }; }' is not 
assignable to type 'TargetAndTransition'
.
            Type '{ opacity: number; y: 
number; transition: { delay: number; dur
ation: number; ease: string; }; }' is no
t assignable to type '{ transition?: Tra
nsition<any> | undefined; transitionEnd?
: ResolvedValues$1 | undefined; }'.
              Types of property 'transit
ion' are incompatible.
                Type '{ delay: number; d
uration: number; ease: string; }' is not
 assignable to type 'Transition<any> | u
ndefined'.
                  Type '{ delay: number;
 duration: number; ease: string; }' is n
ot assignable to type 'TransitionWithVal
ueOverrides<any>'.
                    Type '{ delay: numbe
r; duration: number; ease: string; }' is
 not assignable to type 'ValueAnimationT
ransition<any>'.
                      Types of property 
'ease' are incompatible.
                        Type 'string' is
 not assignable to type 'Easing | Easing
[] | undefined'.

[0m [90m 74 |[39m
 [90m 75 |[39m       {[90m/* Analysis
 Card */[39m}
[31m[1m>[22m[39m[90m 76 |[39m     
  [33m<[39m[33mmotion[39m[33m.[39m
div custom[33m=[39m{[35m0[39m} varia
nts[33m=[39m{sectionVariants} initial
[33m=[39m[32m"hidden"[39m animate[33
m=[39m[32m"visible"[39m[33m>[39m
 [90m    |[39m                        
      [31m[1m^[22m[39m
 [90m 77 |[39m         [33m<[39m[33
mCard[39m[33m>[39m
 [90m 78 |[39m           [33m<[39m[
33mCardHeader[39m[33m>[39m
 [90m 79 |[39m             [33m<[39m
[33mCardTitle[39m className[33m=[39m
[32m"flex items-center gap-2 text-lg"[
39m[33m>[39m[0m
Next.js build worker exited with code: 1
 and signal: null
[?25h
